EXE002 The file is executable but no shebang is present
--> main.py:1:1

PLW0602 Using global for `game_is_on` but no assignment is done
   --> main.py:105:12
    |
104 | def game_loop():
105 |     global game_is_on, screen, ball, paddle, gun
    |            ^^^^^^^^^^
106 |     while game_is_on:
107 |         screen.update()
    |

PLW0602 Using global for `screen` but no assignment is done
   --> main.py:105:24
    |
104 | def game_loop():
105 |     global game_is_on, screen, ball, paddle, gun
    |                        ^^^^^^
106 |     while game_is_on:
107 |         screen.update()
    |

PLW0602 Using global for `ball` but no assignment is done
   --> main.py:105:32
    |
104 | def game_loop():
105 |     global game_is_on, screen, ball, paddle, gun
    |                                ^^^^
106 |     while game_is_on:
107 |         screen.update()
    |

PLW0602 Using global for `paddle` but no assignment is done
   --> main.py:105:38
    |
104 | def game_loop():
105 |     global game_is_on, screen, ball, paddle, gun
    |                                      ^^^^^^
106 |     while game_is_on:
107 |         screen.update()
    |

PLW0602 Using global for `gun` but no assignment is done
   --> main.py:105:46
    |
104 | def game_loop():
105 |     global game_is_on, screen, ball, paddle, gun
    |                                              ^^^
106 |     while game_is_on:
107 |         screen.update()
    |

EXE002 The file is executable but no shebang is present
--> src/app/core/config.py:1:1

PLW0602 Using global for `bullets` but no assignment is done
  --> src/app/main.py:63:12
   |
62 | def update_bullets():
63 |     global bullets, tiles, screen
   |            ^^^^^^^
64 |     for bullet in bullets:
65 |         if bullet.isvisible() and bullet.bullet_type == "grenade":
   |

PLW0602 Using global for `tiles` but no assignment is done
  --> src/app/main.py:63:21
   |
62 | def update_bullets():
63 |     global bullets, tiles, screen
   |                     ^^^^^
64 |     for bullet in bullets:
65 |         if bullet.isvisible() and bullet.bullet_type == "grenade":
   |

PLW0602 Using global for `screen` but no assignment is done
  --> src/app/main.py:63:28
   |
62 | def update_bullets():
63 |     global bullets, tiles, screen
   |                            ^^^^^^
64 |     for bullet in bullets:
65 |         if bullet.isvisible() and bullet.bullet_type == "grenade":
   |

PLW0602 Using global for `game_is_on` but no assignment is done
  --> src/app/main.py:96:12
   |
95 | def game_loop() -> None:
96 |     global game_is_on, screen, ball, paddle, gun
   |            ^^^^^^^^^^
97 |     while game_is_on:
98 |         screen.update()
   |

PLW0602 Using global for `screen` but no assignment is done
  --> src/app/main.py:96:24
   |
95 | def game_loop() -> None:
96 |     global game_is_on, screen, ball, paddle, gun
   |                        ^^^^^^
97 |     while game_is_on:
98 |         screen.update()
   |

PLW0602 Using global for `ball` but no assignment is done
  --> src/app/main.py:96:32
   |
95 | def game_loop() -> None:
96 |     global game_is_on, screen, ball, paddle, gun
   |                                ^^^^
97 |     while game_is_on:
98 |         screen.update()
   |

PLW0602 Using global for `paddle` but no assignment is done
  --> src/app/main.py:96:38
   |
95 | def game_loop() -> None:
96 |     global game_is_on, screen, ball, paddle, gun
   |                                      ^^^^^^
97 |     while game_is_on:
98 |         screen.update()
   |

PLW0602 Using global for `gun` but no assignment is done
  --> src/app/main.py:96:46
   |
95 | def game_loop() -> None:
96 |     global game_is_on, screen, ball, paddle, gun
   |                                              ^^^
97 |     while game_is_on:
98 |         screen.update()
   |

EXE002 The file is executable but no shebang is present
--> src/app/models/domain/alien.py:1:1

EXE002 The file is executable but no shebang is present
--> src/app/models/domain/alien_tile.py:1:1

EXE002 The file is executable but no shebang is present
--> src/app/models/domain/bullet.py:1:1

EXE002 The file is executable but no shebang is present
--> src/app/models/domain/button.py:1:1

EXE002 The file is executable but no shebang is present
--> src/app/models/domain/gun.py:1:1

Found 20 errors.
